elisa@kratosgroup-B0105:~$ python3
Python 3.6.3 (default, Oct  3 2017, 21:45:48) 
[GCC 7.2.0] on linux
Type "help", "copyright", "credits" or "license" for more information.
>>> import sympy
>>> mesh=sympy.Symbol("mesh")
>>> mes
Traceback (most recent call last):
  File "<stdin>", line 1, in <module>
NameError: name 'mes' is not defined
>>> mesh
mesh
>>> u1=sympy.Symbol("u1")
>>> list=[u1]
>>> mesh(*list)
mesh(u1)
>>> Derivative(mesh,u1)
Traceback (most recent call last):
  File "<stdin>", line 1, in <module>
NameError: name 'Derivative' is not defined
>>> Diff(mesh,u1)
Traceback (most recent call last):
  File "<stdin>", line 1, in <module>
NameError: name 'Diff' is not defined
>>> diff(mesh,u1)
Traceback (most recent call last):
  File "<stdin>", line 1, in <module>
NameError: name 'diff' is not defined
>>> sympy.diff(mesh,u1)
0
>>> u1
u1
>>> sympy.diff(mesh,u1)
0
>>> mesh
mesh
>>> mesh=mesh(*list)
>>> mesh
mesh(u1)
>>> sympy.diff(mesh,u1)
Derivative(mesh(u1), u1)                                                                                                                                                    
>>> qqqq=sympy.diff(mesh,u1)                                                                                                                                                
>>> ccode(qqqq)
Traceback (most recent call last):                                                                                                                                          
  File "<stdin>", line 1, in <module>                                                                                                                                       
NameError: name 'ccode' is not defined                                                                                                                                      
>>> sympy.ccode(qqqq)                                                                                                                                                       
'// Not supported in C:\n// Derivative\nDerivative(mesh(u1), u1)'
>>> code = sympy.ccode(qqqq)
>>> code
'// Not supported in C:\n// Derivative\nDerivative(mesh(u1), u1)'
>>> code.replace("// Not supported in C:","DEUSVULT")
'DEUSVULT\n// Derivative\nDerivative(mesh(u1), u1)'
>>> 
